# server log session
# role=main
# startedAt=20260514-210725
# root=D:\Downloads\Chrome\Isometric-2D-Engine-Demo-PXM-07.18J1-local-save-quota-fallback-server-default
# currentLog=logs\server\server-main-20260514-210725.log
# latestLog=logs\server\server-main-latest.log
[P0][BOOT] server-starting {"latestLogFile": "logs\\server\\server-main-latest.log", "logFile": "logs\\server\\server-main-20260514-210725.log", "port": 5685, "role": "main", "root": "D:\\Downloads\\Chrome\\Isometric-2D-Engine-Demo-PXM-07.18J1-local-save-quota-fallback-server-default"}
[P0][BOUNDARY] routes-registered {"counts": {"GET": 11, "POST": 5}, "routes": {"GET": ["/api/health", "/api/prefabs/index", "/api/habbo/config", "/api/habbo/index", "/api/habbo/library/index", "/api/habbo/library/summary", "/api/habbo/library/page", "/api/habbo/library/icon", "/api/habbo/file", "/api/scenes/default", "/api/scenes/load"], "POST": ["/api/prefabs/save", "/api/scenes/save", "/api/habbo/config", "/api/self-check/report", "/api/self-check/text-report"]}}
[P0][SUMMARY] server-paths {"habboRootMeta": "config\\habbo_asset_root.json", "prefabDir": "assets\\prefabs", "sceneDir": "assets\\scenes"}
[P1][BOOT] source-of-truth-ready {"deprecatedRootFiles": ["app.js", "state.js", "app-shell.js", "lighting-editor.js"], "server": "server/local_server.py", "sourceDoc": "001_SOURCE_OF_TRUTH.md"}
[P1][SUMMARY] phase-ready {"canonicalServerPath": "server\\local_server.py", "currentLogFile": "logs\\server\\server-main-20260514-210725.log", "hasRootLocalServer": false, "latestLogFile": "logs\\server\\server-main-latest.log", "phase": "P1", "root": "D:\\Downloads\\Chrome\\Isometric-2D-Engine-Demo-PXM-07.18J1-local-save-quota-fallback-server-default", "serverLogDir": "logs\\server"}
[P2][SUMMARY] namespace-bootstrap {"backendOwnershipChanged": false, "frontendOwnsNamespaceBootstrap": true, "notes": ["emit explanatory P2 summary only", "no backend behavior changes"], "phase": "P2-A-fix", "scope": "server-observability-only"}
[P0][BOUNDARY] json-response {"method": "GET", "path": "/api/health", "status": 200}
[habbo-config:get] root=E:\hzh\02_娱乐\Habbo\habbofurni_models_classified exists=False itemCount=0
[P0][BOUNDARY] json-response {"method": "GET", "path": "/api/habbo/config", "status": 200}
[P0][BOUNDARY] json-response {"method": "GET", "path": "/api/scenes/default", "status": 200}
[P0][BOUNDARY] json-response {"method": "GET", "path": "/api/prefabs/index", "status": 200}
[P0][BOUNDARY] json-response {"method": "GET", "path": "/api/health", "status": 200}
[P0][BOUNDARY] json-response {"method": "GET", "path": "/api/scenes/default", "status": 200}
[P0][BOUNDARY] json-response {"method": "GET", "path": "/api/prefabs/index", "status": 200}
[P0][BOUNDARY] json-response {"method": "GET", "path": "/api/habbo/library/summary", "status": 404}
[P0][BOUNDARY] json-response {"method": "GET", "path": "/api/habbo/library/page", "status": 404}
[P0][BOUNDARY] json-response {"method": "POST", "path": "/api/scenes/save", "status": 200}
[P0][BOUNDARY] json-response {"method": "POST", "path": "/api/scenes/save", "status": 200}
[P0][BOUNDARY] json-response {"method": "POST", "path": "/api/scenes/save", "status": 200}
[P0][BOUNDARY] json-response {"method": "POST", "path": "/api/scenes/save", "status": 200}
[P0][BOUNDARY] json-response {"method": "POST", "path": "/api/scenes/save", "status": 200}
